Args in experiment:
Namespace(activation='gelu', batch_size=16, c_out=7, checkpoints='./checkpoints/', d_ff=2048, d_layers=1, d_model=512, data='custom', data_path='air-quality.csv', dec_in=7, des='Exp', devices='0,1,2,3', distil=True, do_predict=False, dropout=0.05, e_layers=2, embed='timeF', embed_type=0, enc_in=13, factor=1, features='M', freq='h', gpu=0, individual=False, is_training=1, itr=1, label_len=48, learning_rate=0.1, loss='mse', lradj='type1', model='DLinear', model_id='air-quality_336_192', moving_avg=25, n_heads=8, num_workers=10, output_attention=False, patience=3, pred_len=192, root_path='/home/pawel/Desktop/ML/ml-project/datasets/', seq_len=336, target='OT', test_flop=False, train_epochs=10, train_only=False, use_amp=False, use_gpu=False, use_multi_gpu=False)
Use CPU
>>>>>>>start training : air-quality_336_192_DLinear_custom_ftM_sl336_ll48_pl192_dm512_nh8_el2_dl1_df2048_fc1_ebtimeF_dtTrue_Exp_0>>>>>>>>>>>>>>>>>>>>>>>>>>
train 6022
val 746
test 1680
	iters: 100, epoch: 1 | loss: 12.5746508
	speed: 0.0096s/iter; left time: 35.2519s
	iters: 200, epoch: 1 | loss: 11.2615795
	speed: 0.0103s/iter; left time: 36.8219s
	iters: 300, epoch: 1 | loss: 14.0039778
	speed: 0.0097s/iter; left time: 33.5216s
Epoch: 1 cost time: 3.6759212017059326
Epoch: 1, Steps: 376 | Train Loss: 17.3630145 Vali Loss: 43.1493263 Test Loss: 22.0484257
Validation loss decreased (inf --> 43.149326).  Saving model ...
Updating learning rate to 0.1
	iters: 100, epoch: 2 | loss: 29.9266224
	speed: 0.0259s/iter; left time: 84.9277s
	iters: 200, epoch: 2 | loss: 9.4420881
	speed: 0.0076s/iter; left time: 24.1602s
	iters: 300, epoch: 2 | loss: 13.5220795
	speed: 0.0075s/iter; left time: 23.1492s
Epoch: 2 cost time: 2.7751049995422363
Epoch: 2, Steps: 376 | Train Loss: 17.5111159 Vali Loss: 53.8494148 Test Loss: 27.5683479
EarlyStopping counter: 1 out of 3
Updating learning rate to 0.05
	iters: 100, epoch: 3 | loss: 1.9162023
	speed: 0.0236s/iter; left time: 68.7208s
	iters: 200, epoch: 3 | loss: 1.7101392
	speed: 0.0070s/iter; left time: 19.6674s
	iters: 300, epoch: 3 | loss: 1.8323681
	speed: 0.0064s/iter; left time: 17.3330s
Epoch: 3 cost time: 2.744076728820801
Epoch: 3, Steps: 376 | Train Loss: 2.3996308 Vali Loss: 4.8189325 Test Loss: 1.9154687
Validation loss decreased (43.149326 --> 4.818933).  Saving model ...
Updating learning rate to 0.025
	iters: 100, epoch: 4 | loss: 1.3920910
	speed: 0.0240s/iter; left time: 60.9062s
	iters: 200, epoch: 4 | loss: 1.4070826
	speed: 0.0076s/iter; left time: 18.5662s
	iters: 300, epoch: 4 | loss: 1.1422040
	speed: 0.0076s/iter; left time: 17.6613s
Epoch: 4 cost time: 2.8716135025024414
Epoch: 4, Steps: 376 | Train Loss: 1.0599837 Vali Loss: 3.7366664 Test Loss: 1.3878108
Validation loss decreased (4.818933 --> 3.736666).  Saving model ...
Updating learning rate to 0.0125
	iters: 100, epoch: 5 | loss: 0.9364557
	speed: 0.0227s/iter; left time: 48.9783s
	iters: 200, epoch: 5 | loss: 0.8320825
	speed: 0.0067s/iter; left time: 13.6945s
	iters: 300, epoch: 5 | loss: 0.9519972
	speed: 0.0073s/iter; left time: 14.2650s
Epoch: 5 cost time: 2.779496669769287
Epoch: 5, Steps: 376 | Train Loss: 0.9436392 Vali Loss: 3.7955494 Test Loss: 1.3206197
EarlyStopping counter: 1 out of 3
Updating learning rate to 0.00625
	iters: 100, epoch: 6 | loss: 1.0386631
	speed: 0.0276s/iter; left time: 49.1739s
	iters: 200, epoch: 6 | loss: 0.8785031
	speed: 0.0062s/iter; left time: 10.3762s
	iters: 300, epoch: 6 | loss: 1.0602463
	speed: 0.0071s/iter; left time: 11.1718s
Epoch: 6 cost time: 2.7775723934173584
Epoch: 6, Steps: 376 | Train Loss: 0.8889941 Vali Loss: 3.4701419 Test Loss: 1.2254903
Validation loss decreased (3.736666 --> 3.470142).  Saving model ...
Updating learning rate to 0.003125
	iters: 100, epoch: 7 | loss: 0.9687749
	speed: 0.0238s/iter; left time: 33.4888s
	iters: 200, epoch: 7 | loss: 0.7544720
	speed: 0.0071s/iter; left time: 9.2623s
	iters: 300, epoch: 7 | loss: 0.9488324
	speed: 0.0068s/iter; left time: 8.2368s
Epoch: 7 cost time: 2.738069534301758
Epoch: 7, Steps: 376 | Train Loss: 0.8601815 Vali Loss: 3.4380274 Test Loss: 1.1806575
Validation loss decreased (3.470142 --> 3.438027).  Saving model ...
Updating learning rate to 0.0015625
	iters: 100, epoch: 8 | loss: 1.0567087
	speed: 0.0230s/iter; left time: 23.6725s
	iters: 200, epoch: 8 | loss: 0.9646234
	speed: 0.0067s/iter; left time: 6.1895s
	iters: 300, epoch: 8 | loss: 0.6446357
	speed: 0.0082s/iter; left time: 6.8247s
Epoch: 8 cost time: 2.8597538471221924
Epoch: 8, Steps: 376 | Train Loss: 0.8441273 Vali Loss: 3.3283699 Test Loss: 1.1774189
Validation loss decreased (3.438027 --> 3.328370).  Saving model ...
Updating learning rate to 0.00078125
	iters: 100, epoch: 9 | loss: 0.6970214
	speed: 0.0259s/iter; left time: 16.9027s
	iters: 200, epoch: 9 | loss: 0.9242929
	speed: 0.0083s/iter; left time: 4.6048s
	iters: 300, epoch: 9 | loss: 0.6440988
	speed: 0.0065s/iter; left time: 2.9336s
Epoch: 9 cost time: 3.129293203353882
Epoch: 9, Steps: 376 | Train Loss: 0.8345777 Vali Loss: 3.3608353 Test Loss: 1.1633540
EarlyStopping counter: 1 out of 3
Updating learning rate to 0.000390625
	iters: 100, epoch: 10 | loss: 0.4773112
	speed: 0.0258s/iter; left time: 7.1329s
	iters: 200, epoch: 10 | loss: 0.8991851
	speed: 0.0097s/iter; left time: 1.7177s
	iters: 300, epoch: 10 | loss: 0.8245001
	speed: 0.0077s/iter; left time: 0.5960s
Epoch: 10 cost time: 3.5008773803710938
Epoch: 10, Steps: 376 | Train Loss: 0.8283561 Vali Loss: 3.3212764 Test Loss: 1.1628652
Validation loss decreased (3.328370 --> 3.321276).  Saving model ...
Updating learning rate to 0.0001953125
>>>>>>>testing : air-quality_336_192_DLinear_custom_ftM_sl336_ll48_pl192_dm512_nh8_el2_dl1_df2048_fc1_ebtimeF_dtTrue_Exp_0<<<<<<<<<<<<<<<<<<<<<<<<<<<<<<<<<
test 1680
mse:1.1628645658493042, mae:0.5874751806259155
