Args in experiment:
Namespace(activation='gelu', batch_size=16, c_out=7, checkpoints='./checkpoints/', d_ff=2048, d_layers=1, d_model=512, data='custom', data_path='weather.csv', dec_in=7, des='Exp', devices='0,1,2,3', distil=True, do_predict=False, dropout=0.05, e_layers=2, embed='timeF', embed_type=0, enc_in=21, factor=1, features='M', freq='h', gpu=0, individual=False, is_training=1, itr=1, label_len=48, learning_rate=0.0001, loss='mse', lradj='type1', model='DLinear', model_id='weather_336_720', moving_avg=25, n_heads=8, num_workers=10, output_attention=False, patience=3, pred_len=720, root_path='./dataset/', seq_len=336, target='OT', test_flop=False, train_epochs=10, use_amp=False, use_gpu=False, use_multi_gpu=False)
Use CPU
>>>>>>>start training : weather_336_720_DLinear_custom_ftM_sl336_ll48_pl720_dm512_nh8_el2_dl1_df2048_fc1_ebtimeF_dtTrue_Exp_0>>>>>>>>>>>>>>>>>>>>>>>>>>
train 35832
val 4551
test 9820
	iters: 100, epoch: 1 | loss: 0.9047529
	speed: 0.0181s/iter; left time: 402.4314s
	iters: 200, epoch: 1 | loss: 0.5213174
	speed: 0.0179s/iter; left time: 397.1340s
	iters: 300, epoch: 1 | loss: 0.7972891
	speed: 0.0164s/iter; left time: 362.9774s
	iters: 400, epoch: 1 | loss: 0.5739144
	speed: 0.0167s/iter; left time: 367.9565s
	iters: 500, epoch: 1 | loss: 0.5546521
	speed: 0.0168s/iter; left time: 367.1203s
	iters: 600, epoch: 1 | loss: 0.5827951
	speed: 0.0168s/iter; left time: 365.6493s
	iters: 700, epoch: 1 | loss: 0.5471710
	speed: 0.0181s/iter; left time: 392.8393s
	iters: 800, epoch: 1 | loss: 0.7341794
	speed: 0.0156s/iter; left time: 336.4644s
	iters: 900, epoch: 1 | loss: 0.7302998
	speed: 0.0171s/iter; left time: 368.1569s
	iters: 1000, epoch: 1 | loss: 0.4806190
	speed: 0.0212s/iter; left time: 454.4967s
	iters: 1100, epoch: 1 | loss: 0.6459267
	speed: 0.0235s/iter; left time: 499.5476s
	iters: 1200, epoch: 1 | loss: 0.8187898
	speed: 0.0192s/iter; left time: 406.2635s
	iters: 1300, epoch: 1 | loss: 0.7066092
	speed: 0.0164s/iter; left time: 346.4735s
	iters: 1400, epoch: 1 | loss: 1.0932441
	speed: 0.0174s/iter; left time: 365.2538s
	iters: 1500, epoch: 1 | loss: 0.6068983
	speed: 0.0189s/iter; left time: 394.6463s
	iters: 1600, epoch: 1 | loss: 0.8739076
	speed: 0.0158s/iter; left time: 328.8330s
	iters: 1700, epoch: 1 | loss: 0.9889799
	speed: 0.0160s/iter; left time: 331.7519s
	iters: 1800, epoch: 1 | loss: 0.9156321
	speed: 0.0166s/iter; left time: 342.1140s
	iters: 1900, epoch: 1 | loss: 0.7368144
	speed: 0.0175s/iter; left time: 357.9068s
	iters: 2000, epoch: 1 | loss: 1.0305564
	speed: 0.0171s/iter; left time: 349.5101s
	iters: 2100, epoch: 1 | loss: 0.4772201
	speed: 0.0171s/iter; left time: 347.9407s
	iters: 2200, epoch: 1 | loss: 0.5130470
	speed: 0.0156s/iter; left time: 314.5032s
Epoch: 1 cost time: 39.20507788658142
Epoch: 1, Steps: 2239 | Train Loss: 0.6043145 Vali Loss: 0.6261975 Test Loss: 0.3225579
Validation loss decreased (inf --> 0.626198).  Saving model ...
Updating learning rate to 0.0001
	iters: 100, epoch: 2 | loss: 0.5170531
	speed: 0.1260s/iter; left time: 2526.4689s
	iters: 200, epoch: 2 | loss: 0.5152981
	speed: 0.0172s/iter; left time: 342.4605s
	iters: 300, epoch: 2 | loss: 0.4948454
	speed: 0.0186s/iter; left time: 368.9892s
	iters: 400, epoch: 2 | loss: 0.5162312
	speed: 0.0179s/iter; left time: 353.0006s
	iters: 500, epoch: 2 | loss: 0.4010683
	speed: 0.0171s/iter; left time: 336.0784s
	iters: 600, epoch: 2 | loss: 0.7586716
	speed: 0.0184s/iter; left time: 359.1637s
	iters: 700, epoch: 2 | loss: 0.5811737
	speed: 0.0169s/iter; left time: 328.2064s
	iters: 800, epoch: 2 | loss: 0.4758568
	speed: 0.0178s/iter; left time: 343.8960s
	iters: 900, epoch: 2 | loss: 0.9672610
	speed: 0.0172s/iter; left time: 330.8258s
	iters: 1000, epoch: 2 | loss: 0.5400515
	speed: 0.0165s/iter; left time: 316.7826s
	iters: 1100, epoch: 2 | loss: 0.7064089
	speed: 0.0163s/iter; left time: 310.6929s
	iters: 1200, epoch: 2 | loss: 0.7717482
	speed: 0.0182s/iter; left time: 344.1975s
	iters: 1300, epoch: 2 | loss: 0.8855804
	speed: 0.0173s/iter; left time: 326.9489s
	iters: 1400, epoch: 2 | loss: 0.8307199
	speed: 0.0164s/iter; left time: 308.3299s
	iters: 1500, epoch: 2 | loss: 0.5520087
	speed: 0.0181s/iter; left time: 337.5202s
	iters: 1600, epoch: 2 | loss: 0.7704573
	speed: 0.0185s/iter; left time: 343.0688s
	iters: 1700, epoch: 2 | loss: 0.4961710
	speed: 0.0168s/iter; left time: 310.8942s
	iters: 1800, epoch: 2 | loss: 0.4740599
	speed: 0.0180s/iter; left time: 329.8215s
	iters: 1900, epoch: 2 | loss: 0.5466318
	speed: 0.0176s/iter; left time: 321.1131s
	iters: 2000, epoch: 2 | loss: 0.9894627
	speed: 0.0158s/iter; left time: 286.8732s
	iters: 2100, epoch: 2 | loss: 0.4827508
	speed: 0.0177s/iter; left time: 319.3599s
	iters: 2200, epoch: 2 | loss: 0.5405946
	speed: 0.0171s/iter; left time: 307.0201s
Epoch: 2 cost time: 39.51401948928833
Epoch: 2, Steps: 2239 | Train Loss: 0.6006513 Vali Loss: 0.6251082 Test Loss: 0.3237826
Validation loss decreased (0.626198 --> 0.625108).  Saving model ...
Updating learning rate to 5e-05
	iters: 100, epoch: 3 | loss: 0.7053939
	speed: 0.1449s/iter; left time: 2581.4852s
	iters: 200, epoch: 3 | loss: 0.4575930
	speed: 0.0164s/iter; left time: 291.3495s
	iters: 300, epoch: 3 | loss: 0.5450223
	speed: 0.0183s/iter; left time: 323.0075s
	iters: 400, epoch: 3 | loss: 0.6010469
	speed: 0.0214s/iter; left time: 375.0905s
	iters: 500, epoch: 3 | loss: 0.5983438
	speed: 0.0182s/iter; left time: 317.3160s
	iters: 600, epoch: 3 | loss: 0.5389935
	speed: 0.0175s/iter; left time: 302.3819s
	iters: 700, epoch: 3 | loss: 0.5022461
	speed: 0.0175s/iter; left time: 301.9714s
	iters: 800, epoch: 3 | loss: 0.5766575
	speed: 0.0198s/iter; left time: 338.7716s
	iters: 900, epoch: 3 | loss: 0.7060955
	speed: 0.0182s/iter; left time: 308.8803s
	iters: 1000, epoch: 3 | loss: 0.6324823
	speed: 0.0175s/iter; left time: 296.1343s
	iters: 1100, epoch: 3 | loss: 0.8378040
	speed: 0.0175s/iter; left time: 294.6513s
	iters: 1200, epoch: 3 | loss: 0.5684122
	speed: 0.0171s/iter; left time: 286.5643s
	iters: 1300, epoch: 3 | loss: 0.5600259
	speed: 0.0189s/iter; left time: 314.4904s
	iters: 1400, epoch: 3 | loss: 0.6283343
	speed: 0.0177s/iter; left time: 291.9005s
	iters: 1500, epoch: 3 | loss: 0.3989152
	speed: 0.0176s/iter; left time: 289.2870s
	iters: 1600, epoch: 3 | loss: 0.7570442
	speed: 0.0198s/iter; left time: 322.7772s
	iters: 1700, epoch: 3 | loss: 0.5806208
	speed: 0.0176s/iter; left time: 284.8235s
	iters: 1800, epoch: 3 | loss: 0.5541255
	speed: 0.0179s/iter; left time: 288.8470s
	iters: 1900, epoch: 3 | loss: 0.5154265
	speed: 0.0183s/iter; left time: 292.8864s
	iters: 2000, epoch: 3 | loss: 0.5634673
	speed: 0.0178s/iter; left time: 282.8463s
	iters: 2100, epoch: 3 | loss: 0.7300741
	speed: 0.0187s/iter; left time: 296.4278s
	iters: 2200, epoch: 3 | loss: 0.4779764
	speed: 0.0206s/iter; left time: 324.1759s
Epoch: 3 cost time: 41.06516456604004
Epoch: 3, Steps: 2239 | Train Loss: 0.5995920 Vali Loss: 0.6215044 Test Loss: 0.3231947
Validation loss decreased (0.625108 --> 0.621504).  Saving model ...
Updating learning rate to 2.5e-05
	iters: 100, epoch: 4 | loss: 0.5931227
	speed: 0.1366s/iter; left time: 2127.0743s
	iters: 200, epoch: 4 | loss: 0.4305229
	speed: 0.0194s/iter; left time: 300.4588s
	iters: 300, epoch: 4 | loss: 0.5381188
	speed: 0.0173s/iter; left time: 265.7451s
	iters: 400, epoch: 4 | loss: 0.4388961
	speed: 0.0183s/iter; left time: 280.1251s
	iters: 500, epoch: 4 | loss: 0.5793383
	speed: 0.0184s/iter; left time: 279.3456s
	iters: 600, epoch: 4 | loss: 0.7854064
	speed: 0.0180s/iter; left time: 272.0505s
	iters: 700, epoch: 4 | loss: 0.4989376
	speed: 0.0247s/iter; left time: 369.1354s
	iters: 800, epoch: 4 | loss: 0.7034085
	speed: 0.0176s/iter; left time: 262.3041s
	iters: 900, epoch: 4 | loss: 0.5694884
	speed: 0.0182s/iter; left time: 268.2565s
	iters: 1000, epoch: 4 | loss: 0.6971256
	speed: 0.0166s/iter; left time: 242.9305s
	iters: 1100, epoch: 4 | loss: 0.7006419
	speed: 0.0164s/iter; left time: 238.8972s
	iters: 1200, epoch: 4 | loss: 0.5605128
	speed: 0.0170s/iter; left time: 245.5634s
	iters: 1300, epoch: 4 | loss: 0.9830949
	speed: 0.0186s/iter; left time: 267.6805s
	iters: 1400, epoch: 4 | loss: 0.5569080
	speed: 0.0192s/iter; left time: 273.7616s
	iters: 1500, epoch: 4 | loss: 0.8025722
	speed: 0.0173s/iter; left time: 245.4338s
	iters: 1600, epoch: 4 | loss: 0.5115648
	speed: 0.0170s/iter; left time: 239.8038s
	iters: 1700, epoch: 4 | loss: 0.4719826
	speed: 0.0164s/iter; left time: 229.5305s
	iters: 1800, epoch: 4 | loss: 0.5756073
	speed: 0.0175s/iter; left time: 243.4662s
	iters: 1900, epoch: 4 | loss: 0.4198789
	speed: 0.0188s/iter; left time: 259.1326s
	iters: 2000, epoch: 4 | loss: 0.4875956
	speed: 0.0247s/iter; left time: 338.1506s
	iters: 2100, epoch: 4 | loss: 0.9896559
	speed: 0.0192s/iter; left time: 261.1953s
	iters: 2200, epoch: 4 | loss: 0.4802913
	speed: 0.0218s/iter; left time: 293.5837s
Epoch: 4 cost time: 42.169609785079956
Epoch: 4, Steps: 2239 | Train Loss: 0.5990629 Vali Loss: 0.6231240 Test Loss: 0.3229580
EarlyStopping counter: 1 out of 3
Updating learning rate to 1.25e-05
	iters: 100, epoch: 5 | loss: 0.8839224
	speed: 0.1357s/iter; left time: 1808.8998s
	iters: 200, epoch: 5 | loss: 0.7444373
	speed: 0.0176s/iter; left time: 232.3717s
	iters: 300, epoch: 5 | loss: 1.2039528
	speed: 0.0179s/iter; left time: 234.8802s
	iters: 400, epoch: 5 | loss: 0.5277314
	speed: 0.0214s/iter; left time: 279.1082s
	iters: 500, epoch: 5 | loss: 0.5807293
	speed: 0.0203s/iter; left time: 262.4905s
	iters: 600, epoch: 5 | loss: 0.6482845
	speed: 0.0179s/iter; left time: 229.4540s
	iters: 700, epoch: 5 | loss: 0.4403751
	speed: 0.0172s/iter; left time: 219.1089s
	iters: 800, epoch: 5 | loss: 0.7064009
	speed: 0.0170s/iter; left time: 214.8778s
	iters: 900, epoch: 5 | loss: 0.9914483
	speed: 0.0237s/iter; left time: 296.7197s
	iters: 1000, epoch: 5 | loss: 0.4434630
	speed: 0.0205s/iter; left time: 254.3099s
	iters: 1100, epoch: 5 | loss: 0.5791026
	speed: 0.0230s/iter; left time: 283.6277s
	iters: 1200, epoch: 5 | loss: 0.5806999
	speed: 0.0244s/iter; left time: 298.4798s
	iters: 1300, epoch: 5 | loss: 0.5029863
	speed: 0.0204s/iter; left time: 247.5304s
	iters: 1400, epoch: 5 | loss: 0.4977804
	speed: 0.0185s/iter; left time: 223.0657s
	iters: 1500, epoch: 5 | loss: 1.0420682
	speed: 0.0240s/iter; left time: 286.6988s
	iters: 1600, epoch: 5 | loss: 0.6611369
	speed: 0.0209s/iter; left time: 246.9129s
	iters: 1700, epoch: 5 | loss: 0.5253751
	speed: 0.0191s/iter; left time: 224.5814s
	iters: 1800, epoch: 5 | loss: 0.8352757
	speed: 0.0252s/iter; left time: 293.3005s
	iters: 1900, epoch: 5 | loss: 0.4817812
	speed: 0.0168s/iter; left time: 193.3065s
	iters: 2000, epoch: 5 | loss: 0.4038618
	speed: 0.0166s/iter; left time: 189.9400s
	iters: 2100, epoch: 5 | loss: 0.7994492
	speed: 0.0164s/iter; left time: 185.3738s
	iters: 2200, epoch: 5 | loss: 0.5886711
	speed: 0.0173s/iter; left time: 194.1557s
Epoch: 5 cost time: 44.428277015686035
Epoch: 5, Steps: 2239 | Train Loss: 0.5987945 Vali Loss: 0.6225485 Test Loss: 0.3225937
EarlyStopping counter: 2 out of 3
Updating learning rate to 6.25e-06
	iters: 100, epoch: 6 | loss: 0.4502580
	speed: 0.1354s/iter; left time: 1502.2199s
	iters: 200, epoch: 6 | loss: 0.7784765
	speed: 0.0166s/iter; left time: 182.6414s
	iters: 300, epoch: 6 | loss: 0.5704696
	speed: 0.0174s/iter; left time: 189.4848s
	iters: 400, epoch: 6 | loss: 0.5540091
	speed: 0.0199s/iter; left time: 214.5273s
	iters: 500, epoch: 6 | loss: 0.6124645
	speed: 0.0170s/iter; left time: 182.0697s
	iters: 600, epoch: 6 | loss: 0.8166716
	speed: 0.0181s/iter; left time: 191.4552s
	iters: 700, epoch: 6 | loss: 0.7509054
	speed: 0.0164s/iter; left time: 172.5272s
	iters: 800, epoch: 6 | loss: 0.7922387
	speed: 0.0175s/iter; left time: 181.7766s
	iters: 900, epoch: 6 | loss: 0.4371962
	speed: 0.0160s/iter; left time: 164.4604s
	iters: 1000, epoch: 6 | loss: 0.6905918
	speed: 0.0180s/iter; left time: 183.4733s
	iters: 1100, epoch: 6 | loss: 0.6017817
	speed: 0.0160s/iter; left time: 161.7342s
	iters: 1200, epoch: 6 | loss: 0.5609285
	speed: 0.0170s/iter; left time: 170.2897s
	iters: 1300, epoch: 6 | loss: 0.5469586
	speed: 0.0193s/iter; left time: 191.2702s
	iters: 1400, epoch: 6 | loss: 0.9044107
	speed: 0.0169s/iter; left time: 165.1988s
	iters: 1500, epoch: 6 | loss: 0.4935307
	speed: 0.0185s/iter; left time: 178.8938s
	iters: 1600, epoch: 6 | loss: 0.5163787
	speed: 0.0185s/iter; left time: 177.8265s
	iters: 1700, epoch: 6 | loss: 0.4960412
	speed: 0.0168s/iter; left time: 159.9254s
	iters: 1800, epoch: 6 | loss: 0.4795471
	speed: 0.0174s/iter; left time: 163.5471s
	iters: 1900, epoch: 6 | loss: 0.4410952
	speed: 0.0186s/iter; left time: 172.7268s
	iters: 2000, epoch: 6 | loss: 0.4199462
	speed: 0.0172s/iter; left time: 158.5803s
	iters: 2100, epoch: 6 | loss: 0.5105197
	speed: 0.0181s/iter; left time: 164.8620s
	iters: 2200, epoch: 6 | loss: 0.5209720
	speed: 0.0167s/iter; left time: 150.3173s
Epoch: 6 cost time: 39.43974852561951
Epoch: 6, Steps: 2239 | Train Loss: 0.5986175 Vali Loss: 0.6217341 Test Loss: 0.3227840
EarlyStopping counter: 3 out of 3
Early stopping
>>>>>>>testing : weather_336_720_DLinear_custom_ftM_sl336_ll48_pl720_dm512_nh8_el2_dl1_df2048_fc1_ebtimeF_dtTrue_Exp_0<<<<<<<<<<<<<<<<<<<<<<<<<<<<<<<<<
test 9820
mse:0.3231949210166931, mae:0.3615942895412445, rse:0.7483380436897278, corr:[0.48231342 0.4812297  0.48003492 0.47969425 0.47912708 0.47831333
 0.47724795 0.47620678 0.47534332 0.47445732 0.47343194 0.47276253
 0.4723314  0.4717038  0.47110954 0.4702668  0.46988398 0.46905944
 0.46822277 0.46762404 0.46698967 0.46641073 0.4657562  0.46499255
 0.46414074 0.4631494  0.46239874 0.4614032  0.46028903 0.45909095
 0.4581497  0.45685115 0.4561719  0.4552348  0.45434746 0.45329115
 0.45247644 0.45162672 0.4508891  0.44986632 0.4488778  0.4480474
 0.44737506 0.44665056 0.44580725 0.44496235 0.44428173 0.44358867
 0.44278732 0.4418826  0.441226   0.44043976 0.43963534 0.43919292
 0.43887126 0.43833876 0.43782797 0.43727198 0.43673515 0.43637937
 0.43612397 0.43582806 0.43555635 0.43538556 0.43518046 0.43494123
 0.43442905 0.4340201  0.43369445 0.43337297 0.43324313 0.4330421
 0.4326541  0.43234295 0.43201956 0.4316968  0.43134397 0.43083394
 0.43058264 0.43020785 0.4301433  0.43026623 0.43041816 0.43040404
 0.43028045 0.4301666  0.43031073 0.43016312 0.43024343 0.43018264
 0.43004486 0.42984152 0.42968157 0.4296817  0.42959335 0.42936152
 0.42932883 0.4291468  0.42897946 0.42875907 0.42865646 0.42859137
 0.42841095 0.42826217 0.4281535  0.42816284 0.42776993 0.4274963
 0.42712578 0.4270821  0.42693648 0.426732   0.4264118  0.42614943
 0.4259076  0.42551616 0.4253306  0.42517826 0.42481866 0.42459396
 0.42435804 0.42415103 0.42381722 0.4235479  0.4233147  0.42312503
 0.422899   0.42248112 0.42207462 0.4218088  0.42134687 0.4208494
 0.42039314 0.4198991  0.4196197  0.4191155  0.41884246 0.41855022
 0.41826704 0.41795656 0.41764587 0.4172539  0.4169947  0.41679397
 0.41636798 0.41596916 0.41560575 0.41525835 0.41487217 0.4144015
 0.41390005 0.41314977 0.41235283 0.41182756 0.41143158 0.4107304
 0.41022852 0.40967876 0.40903684 0.40834823 0.4077825  0.40729788
 0.40674728 0.40630457 0.40563038 0.40519062 0.40469885 0.4040751
 0.40354308 0.40280345 0.4019845  0.40120348 0.40041956 0.3996663
 0.39896828 0.39832672 0.39779282 0.39721    0.3965547  0.39602825
 0.39543533 0.3948404  0.39455965 0.39381945 0.3930671  0.39265162
 0.39213124 0.39167893 0.3913391  0.39117643 0.39088604 0.39052492
 0.39040864 0.39011064 0.3897116  0.38943562 0.38918376 0.38898185
 0.3888819  0.38862818 0.38830188 0.38819    0.38797083 0.3877723
 0.3875696  0.38721138 0.3872105  0.38690144 0.3865471  0.38646683
 0.38625446 0.38617113 0.38599077 0.3858993  0.3855616  0.3855291
 0.3853644  0.38519916 0.3849543  0.3849143  0.38471645 0.3846097
 0.38433975 0.38438866 0.3843206  0.38416424 0.38413906 0.38398543
 0.38400203 0.38392726 0.3838542  0.38376337 0.3835279  0.38331524
 0.38291323 0.38278118 0.38245994 0.38250467 0.38233107 0.38215232
 0.3819237  0.38170576 0.3815095  0.38158783 0.38135985 0.38130355
 0.38123775 0.38106665 0.3807311  0.3806972  0.3805422  0.38018966
 0.3800827  0.3799003  0.37957987 0.3792962  0.3791512  0.37879035
 0.378504   0.3783698  0.37820548 0.3778498  0.37750068 0.37742656
 0.37712273 0.3772226  0.37692207 0.3766281  0.37645316 0.3760184
 0.37578315 0.37530997 0.3750587  0.3746788  0.37420344 0.3737492
 0.37341288 0.3729119  0.37240878 0.371986   0.3714522  0.37102604
 0.37078685 0.37028947 0.36978474 0.36937255 0.36845207 0.36791998
 0.3672802  0.36693618 0.36643496 0.36557338 0.36468333 0.3643852
 0.363892   0.3635725  0.36299026 0.36229077 0.36156553 0.3611182
 0.3602055  0.35952407 0.3583786  0.3574058  0.35649055 0.35520124
 0.3545599  0.3537496  0.35303324 0.35233638 0.3517029  0.35095522
 0.35043338 0.34982952 0.34914508 0.34877205 0.34845194 0.3478703
 0.34715837 0.34677076 0.34620807 0.3455372  0.3449579  0.34410957
 0.34317672 0.34257907 0.3417055  0.34106854 0.3404998  0.340219
 0.33991438 0.33963236 0.3394153  0.3390401  0.3389178  0.3385848
 0.3385122  0.33816618 0.33772224 0.33756167 0.3376697  0.33723724
 0.3370639  0.33691737 0.33695537 0.33690837 0.3365006  0.33622536
 0.33601424 0.3359349  0.3359119  0.3356089  0.3353672  0.33499065
 0.33475214 0.33494022 0.33502886 0.33518973 0.33498016 0.33516243
 0.33506584 0.33474907 0.3347619  0.3348182  0.3349139  0.3346009
 0.33455333 0.33417314 0.33436748 0.33423784 0.33405882 0.33409685
 0.3341043  0.3339826  0.3341904  0.33406138 0.3342498  0.334387
 0.33453178 0.33456844 0.3347682  0.3348005  0.33484828 0.3346642
 0.33430052 0.33438042 0.33407637 0.33396372 0.33396664 0.3341258
 0.33420128 0.3340043  0.33393273 0.33364165 0.33345556 0.33333904
 0.3333789  0.3334281  0.33336684 0.3334037  0.33318523 0.33287844
 0.3330418  0.33276203 0.3324354  0.33279708 0.3324133  0.33239737
 0.33206862 0.33169445 0.33164227 0.33144915 0.33086318 0.3309318
 0.330937   0.3305949  0.3305393  0.3303012  0.3302969  0.33011264
 0.32960796 0.32960013 0.32919905 0.32885557 0.32803726 0.32775122
 0.32683945 0.3262099  0.3260071  0.3255512  0.32481098 0.324196
 0.3239273  0.3233274  0.32300377 0.32282233 0.32224274 0.3218216
 0.32154644 0.32109517 0.32028687 0.31938925 0.31845412 0.31756788
 0.3174479  0.3167341  0.31583357 0.3151473  0.31407425 0.31338
 0.31270206 0.31206298 0.31158754 0.3108397  0.31029612 0.30968305
 0.30900934 0.308162   0.30759916 0.3069811  0.30637053 0.30620077
 0.3056989  0.30532026 0.30492663 0.304734   0.303977   0.30330652
 0.30325758 0.30288592 0.30215377 0.30199474 0.30140063 0.30139458
 0.3007584  0.30066866 0.30075923 0.30058083 0.3004122  0.30045703
 0.3002474  0.3001635  0.29988918 0.29989812 0.29964787 0.2994222
 0.29929203 0.2988331  0.29837853 0.29813045 0.29789573 0.29724783
 0.29714066 0.29724276 0.29724696 0.29687765 0.29665637 0.29647022
 0.29649836 0.29629257 0.29608318 0.29645464 0.2965986  0.2966189
 0.29668656 0.2963148  0.29641104 0.29612204 0.29603583 0.29598293
 0.29577255 0.29562607 0.29582486 0.29619867 0.29567057 0.29556307
 0.29568496 0.29593843 0.29561833 0.2957094  0.29501376 0.29475772
 0.2948677  0.29522493 0.2952527  0.29531777 0.2953749  0.29496548
 0.2949363  0.29458755 0.29443917 0.29395857 0.29387173 0.29395878
 0.29318854 0.29347396 0.29294777 0.29298535 0.29240763 0.29269537
 0.29244143 0.29194954 0.2923319  0.29243502 0.29244757 0.2923362
 0.29236916 0.29237697 0.2919382  0.29196396 0.29207787 0.29180714
 0.2918906  0.29166737 0.2918062  0.29162106 0.29136103 0.2914401
 0.29157868 0.29128435 0.29100642 0.2907949  0.29052836 0.28990933
 0.28975356 0.2892879  0.2888751  0.28835154 0.28773373 0.28714296
 0.2868724  0.2866219  0.2863431  0.28565297 0.28525895 0.2848859
 0.28435403 0.2837792  0.2829752  0.28235373 0.28159317 0.2804601
 0.28000337 0.2788876  0.27822208 0.27816567 0.27738    0.27684164
 0.27610862 0.2758143  0.2755394  0.27481288 0.27419108 0.27391392
 0.27400905 0.27364445 0.27324036 0.27278543 0.27264342 0.2720695
 0.2716956  0.27097768 0.27087757 0.27013206 0.2693283  0.26865402
 0.2678834  0.266932   0.2667082  0.26613104 0.26551467 0.26496822
 0.26479036 0.26423904 0.26370677 0.26316833 0.2628418  0.26242575
 0.26165578 0.26162186 0.26115006 0.2610478  0.26092666 0.26054367
 0.26059732 0.2602592  0.2602692  0.26020485 0.26018935 0.2602848
 0.26024768 0.2605066  0.26054242 0.2607003  0.26070374 0.26066187
 0.26088154 0.2605209  0.26064762 0.2604733  0.26054332 0.26033357
 0.26045242 0.26045108 0.26060298 0.26074928 0.26097164 0.26088062
 0.26109353 0.26081765 0.26071614 0.26100963 0.260976   0.26101133
 0.2607287  0.26083538 0.26104292 0.26085025 0.26144353 0.26151627
 0.2619271  0.26176575 0.2618991  0.2617916  0.26174307 0.26156002
 0.26138076 0.26170442 0.26189864 0.2620526  0.26303393 0.26327664
 0.26306888 0.26288107 0.26301342 0.26326323 0.26349163 0.26358896
 0.26358393 0.26368597 0.2633133  0.2629007  0.26288512 0.26278353
 0.26262978 0.26234713 0.2626947  0.26242602 0.26221916 0.262576
 0.26243302 0.2622053  0.2624182  0.2619236  0.26179796 0.2618342
 0.26151678 0.2612404  0.26131102 0.2614915  0.26126078 0.26133838
 0.26089975 0.26138467 0.26130942 0.26130143 0.26136294 0.26098606
 0.26084584 0.26105803 0.26078147 0.26078746 0.2605846  0.26087868
 0.26049104 0.26001975 0.25952038 0.25907263 0.25819585 0.2577721 ]
